// Jest Snapshot v1, https://goo.gl/fbAQLP

exports[`<Department /> renders correctly and matches snapshot 1`] = `
<View
  style={
    {
      "alignItems": "center",
      "backgroundColor": "#fff",
      "flex": 1,
      "justifyContent": "center",
    }
  }
>
  <ActivityIndicator
    color="#0000ff"
    size="large"
  />
  <Text
    style={
      {
        "color": "#333",
        "fontSize": 16,
        "marginTop": 20,
      }
    }
  >
    Authenticating...
  </Text>
</View>
`;

exports[`<Employee /> renders correctly and matches snapshot 1`] = `
<View
  style={
    {
      "alignItems": "center",
      "backgroundColor": "#fff",
      "flex": 1,
      "justifyContent": "center",
    }
  }
>
  <ActivityIndicator
    color="#0000ff"
    size="large"
  />
  <Text
    style={
      {
        "color": "#333",
        "fontSize": 16,
        "marginTop": 20,
      }
    }
  >
    Authenticating...
  </Text>
</View>
`;

exports[`<Index /> renders correctly and matches snapshot 1`] = `null`;

exports[`<Location /> renders correctly and matches snapshot 1`] = `
<View
  style={
    {
      "alignItems": "center",
      "backgroundColor": "#fff",
      "flex": 1,
      "justifyContent": "center",
    }
  }
>
  <ActivityIndicator
    color="#0000ff"
    size="large"
  />
  <Text
    style={
      {
        "color": "#333",
        "fontSize": 16,
        "marginTop": 20,
      }
    }
  >
    Authenticating...
  </Text>
</View>
`;

exports[`<rank /> renders correctly and matches snapshot 1`] = `
<View
  style={
    {
      "alignItems": "center",
      "backgroundColor": "#fff",
      "flex": 1,
      "justifyContent": "center",
    }
  }
>
  <ActivityIndicator
    color="#0000ff"
    size="large"
  />
  <Text
    style={
      {
        "color": "#333",
        "fontSize": 16,
        "marginTop": 20,
      }
    }
  >
    Authenticating...
  </Text>
</View>
`;
